
   PASS  Tests\Unit\ExampleTest
  Γ£ô that trueΓÇª 0.01s  

   FAIL  Tests\Feature\AdminSeesNewRegisteredUserTest
  Γ¿» admin seeΓÇª 0.65s  

   FAIL  Tests\Feature\AdminUserPromotionTest
  Γ¿» admin canΓÇª 0.30s  
  Γ¿» non adminΓÇª 0.26s  

   PASS  Tests\Feature\Auth\AuthenticationTest
  Γ£ô login scrΓÇª 0.04s  
  Γ£ô users canΓÇª 0.04s  
  Γ£ô users canΓÇª 0.28s  
  Γ£ô users canΓÇª 0.04s  

   PASS  Tests\Feature\Auth\EmailVerificationTest
  Γ£ô email verΓÇª 0.04s  
  Γ£ô email canΓÇª 0.05s  
  Γ£ô email isΓÇª  0.05s  

   FAIL  Tests\Feature\Auth\PasswordConfirmationTest
  Γ£ô confirm pΓÇª 0.04s  
  Γ¿» passwordΓÇª  0.02s  
  Γ¿» passwordΓÇª  0.05s  

   FAIL  Tests\Feature\Auth\PasswordResetTest
  Γ£ô reset pasΓÇª 0.03s  
  Γ¿» reset pasΓÇª 0.03s  
  Γ¿» reset pasΓÇª 0.03s  
  Γ¿» passwordΓÇª  0.02s  

   FAIL  Tests\Feature\Auth\PasswordUpdateTest
  Γ¿» passwordΓÇª  0.03s  
  Γ¿» correct pΓÇª 0.04s  

   PASS  Tests\Feature\Auth\RegistrationTest
  Γ£ô registratΓÇª 0.02s  
  Γ£ô new usersΓÇª 0.02s  

   PASS  Tests\Feature\ExampleTest
  Γ£ô the appliΓÇª 0.01s  

   FAIL  Tests\Feature\ProfileTest
  Γ£ô profile pΓÇª 0.02s  
  Γ¿» profile iΓÇª 0.27s  
  Γ¿» email verΓÇª 0.26s  
  Γ¿» user canΓÇª  0.28s  
  Γ¿» correct pΓÇª 0.24s  

   FAIL  Tests\Feature\RegisterWithRoleTest
  Γ£ô user canΓÇª  0.02s  
  Γ¿» student rΓÇª 0.05s  
  ΓöÇΓöÇΓöÇΓöÇΓöÇΓöÇΓöÇΓöÇΓöÇΓöÇΓöÇΓöÇΓöÇΓöÇΓöÇΓöÇΓöÇΓöÇ  
   FAILED  Tests\Feature\AdminSeesNewRegisteredUserTest > admin sees new user after registration  RouteNotFoundException   
  Route [admin.users.index] not defined.

  at vendor\laravel\framework\src\Illuminate\Routing\UrlGenerator.php:477
    473Γûò             ! is_null($url = call_user_func($this->missingNamedRouteResolver, $name, $parameters, $absolute))) {
    474Γûò             return $url;
    475Γûò         }
    476Γûò 
  Γ₧£ 477Γûò         throw new RouteNotFoundException("Route [{$name}] not defined.");
    478Γûò     }
    479Γûò 
    480Γûò     /**
    481Γûò      * Get the URL for a given route instance.

  1   vendor\laravel\framework\src\Illuminate\Routing\UrlGenerator.php:477
  2   vendor\laravel\framework\src\Illuminate\Foundation\helpers.php:811

  ΓöÇΓöÇΓöÇΓöÇΓöÇΓöÇΓöÇΓöÇΓöÇΓöÇΓöÇΓöÇΓöÇΓöÇΓöÇΓöÇΓöÇΓöÇ  
   FAILED  Tests\Feature\AdminUserPromotionTest > admin can promote and demote users  RouteNotFoundException   
  Route [admin.users.index] not defined.

  at vendor\laravel\framework\src\Illuminate\Routing\UrlGenerator.php:477
    473Γûò             ! is_null($url = call_user_func($this->missingNamedRouteResolver, $name, $parameters, $absolute))) {
    474Γûò             return $url;
    475Γûò         }
    476Γûò 
  Γ₧£ 477Γûò         throw new RouteNotFoundException("Route [{$name}] not defined.");
    478Γûò     }
    479Γûò 
    480Γûò     /**
    481Γûò      * Get the URL for a given route instance.

  1   vendor\laravel\framework\src\Illuminate\Routing\UrlGenerator.php:477
  2   vendor\laravel\framework\src\Illuminate\Foundation\helpers.php:811

  ΓöÇΓöÇΓöÇΓöÇΓöÇΓöÇΓöÇΓöÇΓöÇΓöÇΓöÇΓöÇΓöÇΓöÇΓöÇΓöÇΓöÇΓöÇ  
   FAILED  Tests\FΓÇª   
  Expected response status code [403] but received 405.
Failed asserting that 405 is identical to 403.

  at tests\Feature\AdminUserPromotionTest.php:46
     42Γûò         $other = User::factory()->create();
     43Γûò 
     44Γûò         $this->actingAs($user)
     45Γûò             ->post(route('admin.users.promote', $other))
  Γ₧£  46Γûò             ->assertStatus(403);
     47Γûò     }
     48Γûò }
     49Γûò

  ΓöÇΓöÇΓöÇΓöÇΓöÇΓöÇΓöÇΓöÇΓöÇΓöÇΓöÇΓöÇΓöÇΓöÇΓöÇΓöÇΓöÇΓöÇ  
   FAILED  Tests\FΓÇª   
  Expected response status code [201, 301, 302, 303, 307, 308] but received 419.
Failed asserting that false is true.

  at tests\Feature\Auth\PasswordConfirmationTest.php:30
     26Γûò         $response = $this->actingAs($user)->post('/confirm-password', [
     27Γûò             'password' => 'password',
     28Γûò         ]);
     29Γûò 
  Γ₧£  30Γûò         $response->assertRedirect();
     31Γûò         $response->assertSessionHasNoErrors();
     32Γûò     }
     33Γûò 
     34Γûò     public function test_password_is_not_confirmed_with_invalid_password(): void

  ΓöÇΓöÇΓöÇΓöÇΓöÇΓöÇΓöÇΓöÇΓöÇΓöÇΓöÇΓöÇΓöÇΓöÇΓöÇΓöÇΓöÇΓöÇ  
   FAILED  Tests\FΓÇª   
  Session is missing expected key [errors].
Failed asserting that false is true.

  at tests\Feature\Auth\PasswordConfirmationTest.php:42
     38Γûò         $response = $this->actingAs($user)->post('/confirm-password', [
     39Γûò             'password' => 'wrong-password',
     40Γûò         ]);
     41Γûò 
  Γ₧£  42Γûò         $response->assertSessionHasErrors();
     43Γûò     }
     44Γûò }
     45Γûò

  ΓöÇΓöÇΓöÇΓöÇΓöÇΓöÇΓöÇΓöÇΓöÇΓöÇΓöÇΓöÇΓöÇΓöÇΓöÇΓöÇΓöÇΓöÇ  
   FAILED  Tests\FΓÇª   
  The expected [Illuminate\Auth\Notifications\ResetPassword] notification was not sent.
Failed asserting that false is true.

  at vendor\laravel\framework\src\Illuminate\Support\Testing\Fakes\NotificationFake.php:91
     87Γûò         }
     88Γûò 
     89Γûò         PHPUnit::assertTrue(
     90Γûò             $this->sent($notifiable, $notification, $callback)->count() > 0,
  Γ₧£  91Γûò             "The expected [{$notification}] notification was not sent."
     92Γûò         );
     93Γûò     }
     94Γûò 
     95Γûò     /**

  1   vendor\laravel\framework\src\Illuminate\Support\Testing\Fakes\NotificationFake.php:91
  2   vendor\laravel\framework\src\Illuminate\Support\Facades\Facade.php:355

  ΓöÇΓöÇΓöÇΓöÇΓöÇΓöÇΓöÇΓöÇΓöÇΓöÇΓöÇΓöÇΓöÇΓöÇΓöÇΓöÇΓöÇΓöÇ  
   FAILED  Tests\FΓÇª   
  The expected [Illuminate\Auth\Notifications\ResetPassword] notification was not sent.
Failed asserting that false is true.

  at vendor\laravel\framework\src\Illuminate\Support\Testing\Fakes\NotificationFake.php:91
     87Γûò         }
     88Γûò 
     89Γûò         PHPUnit::assertTrue(
     90Γûò             $this->sent($notifiable, $notification, $callback)->count() > 0,
  Γ₧£  91Γûò             "The expected [{$notification}] notification was not sent."
     92Γûò         );
     93Γûò     }
     94Γûò 
     95Γûò     /**

  1   vendor\laravel\framework\src\Illuminate\Support\Testing\Fakes\NotificationFake.php:91
  2   vendor\laravel\framework\src\Illuminate\Support\Facades\Facade.php:355

  ΓöÇΓöÇΓöÇΓöÇΓöÇΓöÇΓöÇΓöÇΓöÇΓöÇΓöÇΓöÇΓöÇΓöÇΓöÇΓöÇΓöÇΓöÇ  
   FAILED  Tests\FΓÇª   
  The expected [Illuminate\Auth\Notifications\ResetPassword] notification was not sent.
Failed asserting that false is true.

  at vendor\laravel\framework\src\Illuminate\Support\Testing\Fakes\NotificationFake.php:91
     87Γûò         }
     88Γûò 
     89Γûò         PHPUnit::assertTrue(
     90Γûò             $this->sent($notifiable, $notification, $callback)->count() > 0,
  Γ₧£  91Γûò             "The expected [{$notification}] notification was not sent."
     92Γûò         );
     93Γûò     }
     94Γûò 
     95Γûò     /**

  1   vendor\laravel\framework\src\Illuminate\Support\Testing\Fakes\NotificationFake.php:91
  2   vendor\laravel\framework\src\Illuminate\Support\Facades\Facade.php:355

  ΓöÇΓöÇΓöÇΓöÇΓöÇΓöÇΓöÇΓöÇΓöÇΓöÇΓöÇΓöÇΓöÇΓöÇΓöÇΓöÇΓöÇΓöÇ  
   FAILED  Tests\FΓÇª   
  Expected response status code [201, 301, 302, 303, 307, 308] but received 419.
Failed asserting that false is true.

  at tests\Feature\Auth\PasswordUpdateTest.php:29
     25Γûò             ]);
     26Γûò 
     27Γûò         $response
     28Γûò             ->assertSessionHasNoErrors()
  Γ₧£  29Γûò             ->assertRedirect('/profile');
     30Γûò 
     31Γûò         $this->assertTrue(Hash::check('new-password', $user->refresh()->password));
     32Γûò     }
     33Γûò

  ΓöÇΓöÇΓöÇΓöÇΓöÇΓöÇΓöÇΓöÇΓöÇΓöÇΓöÇΓöÇΓöÇΓöÇΓöÇΓöÇΓöÇΓöÇ  
   FAILED  Tests\FΓÇª   
  Session is missing expected key [errors].
Failed asserting that false is true.

  at tests\Feature\Auth\PasswordUpdateTest.php:48
     44Γûò                 'password_confirmation' => 'new-password',
     45Γûò             ]);
     46Γûò 
     47Γûò         $response
  Γ₧£  48Γûò             ->assertSessionHasErrorsIn('updatePassword', 'current_password')
     49Γûò             ->assertRedirect('/profile');
     50Γûò     }
     51Γûò }
     52Γûò

  ΓöÇΓöÇΓöÇΓöÇΓöÇΓöÇΓöÇΓöÇΓöÇΓöÇΓöÇΓöÇΓöÇΓöÇΓöÇΓöÇΓöÇΓöÇ  
   FAILED  Tests\FΓÇª   
  Expected response status code [201, 301, 302, 303, 307, 308] but received 405.
Failed asserting that false is true.

  at tests\Feature\ProfileTest.php:37
     33Γûò             ]);
     34Γûò 
     35Γûò         $response
     36Γûò             ->assertSessionHasNoErrors()
  Γ₧£  37Γûò             ->assertRedirect('/profile');
     38Γûò 
     39Γûò         $user->refresh();
     40Γûò 
     41Γûò         $this->assertSame('Test User', $user->name);

  ΓöÇΓöÇΓöÇΓöÇΓöÇΓöÇΓöÇΓöÇΓöÇΓöÇΓöÇΓöÇΓöÇΓöÇΓöÇΓöÇΓöÇΓöÇ  
   FAILED  Tests\FΓÇª   
  Expected response status code [201, 301, 302, 303, 307, 308] but received 405.
Failed asserting that false is true.

  at tests\Feature\ProfileTest.php:59
     55Γûò             ]);
     56Γûò 
     57Γûò         $response
     58Γûò             ->assertSessionHasNoErrors()
  Γ₧£  59Γûò             ->assertRedirect('/profile');
     60Γûò 
     61Γûò         $this->assertNotNull($user->refresh()->email_verified_at);
     62Γûò     }
     63Γûò

  ΓöÇΓöÇΓöÇΓöÇΓöÇΓöÇΓöÇΓöÇΓöÇΓöÇΓöÇΓöÇΓöÇΓöÇΓöÇΓöÇΓöÇΓöÇ  
   FAILED  Tests\FΓÇª   
  Expected response status code [201, 301, 302, 303, 307, 308] but received 405.
Failed asserting that false is true.

  at tests\Feature\ProfileTest.php:76
     72Γûò             ]);
     73Γûò 
     74Γûò         $response
     75Γûò             ->assertSessionHasNoErrors()
  Γ₧£  76Γûò             ->assertRedirect('/');
     77Γûò 
     78Γûò         $this->assertGuest();
     79Γûò         $this->assertNull($user->fresh());
     80Γûò     }

  ΓöÇΓöÇΓöÇΓöÇΓöÇΓöÇΓöÇΓöÇΓöÇΓöÇΓöÇΓöÇΓöÇΓöÇΓöÇΓöÇΓöÇΓöÇ  
   FAILED  Tests\FΓÇª   
  Session is missing expected key [errors].
Failed asserting that false is true.

  at tests\Feature\ProfileTest.php:94
     90Γûò                 'password' => 'wrong-password',
     91Γûò             ]);
     92Γûò 
     93Γûò         $response
  Γ₧£  94Γûò             ->assertSessionHasErrorsIn('userDeletion', 'password')
     95Γûò             ->assertRedirect('/profile');
     96Γûò 
     97Γûò         $this->assertNotNull($user->fresh());
     98Γûò     }

  ΓöÇΓöÇΓöÇΓöÇΓöÇΓöÇΓöÇΓöÇΓöÇΓöÇΓöÇΓöÇΓöÇΓöÇΓöÇΓöÇΓöÇΓöÇ  
   FAILED  Tests\FΓÇª   
  Failed asserting that '<!DOCTYPE html>\r\n
<html lang="en" class="dark">\r\n
<head>\r\n
    <meta charset="utf-8">\r\n
    <meta name="viewport" content="width=device-width, initial-scale=1">\r\n
    <meta name="csrf-token" content="o7rnjM2zdjN1ij3j092s3Ft5Pmzp2RXufGsfPcVW">\r\n
\r\n
    <title>Tableau de Bord ΓÇö CapAvenir</title>\r\n
\r\n
    <!-- Fonts -->\r\n
    <link rel="preconnect" href="https://fonts.googleapis.com">\r\n
    <link rel="preconnect" href="https://fonts.gstatic.com" crossorigin>\r\n
    <link href="https://fonts.googleapis.com/css2?family=Inter:wght@300;400;500;600;700;800;900&family=Sora:wght@400;500;600;700;800&family=Manrope:wght@400;500;600;700;800&display=swap" rel="stylesheet">\r\n
\r\n
    <!-- Chart.js for Radar Charts -->\r\n
    <script src="https://cdn.jsdelivr.net/npm/chart.js"></script>\r\n
\r\n
    <link rel="preload" as="style" href="http://localhost/build/assets/app-CMFHDdUE.css" /><link rel="modulepreload" href="http://localhost/build/assets/app-DNg7CCpm.js" /><link rel="stylesheet" href="http://localhost/build/assets/app-CMFHDdUE.css" /><script type="module" src="http://localhost/build/assets/app-DNg7CCpm.js"></script>\r\n
    <style>\r\n
        :root {\r\n
            --sidebar-w: 280px;\r\n
        }\r\n
\r\n
        body {\r\n
            background: var(--bg-main);\r\n
            color: var(--text-primary);\r\n
            overflow-x: hidden;\r\n
        }\r\n
\r\n
        /* ΓòÉΓòÉΓòÉ 2026 NEURAL BACKGROUND ΓòÉΓòÉΓòÉ */\r\n
        .bg-neural-glow {\r\n
            position: fixed; inset: 0; z-index: -1;\r\n
            background: \r\n
                radial-gradient(circle at 20% 20%, rgba(0, 212, 255, 0.05) 0%, transparent 40%),\r\n
                radial-gradient(circle at 80% 80%, rgba(76, 29, 149, 0.05) 0%, transparent 40%),\r\n
                var(--bg-dark-gradient);\r\n
        }\r\n
\r\n
        /* ΓòÉΓòÉΓòÉ SIDEBAR OVERHAUL ΓòÉΓòÉΓòÉ */\r\n
        .sidebar-2026 {\r\n
            width: var(--sidebar-w);\r\n
            position: fixed; left: 0; top: 0; bottom: 0;\r\n
            background: var(--sidebar-bg);\r\n
            backdrop-filter: blur(20px);\r\n
            -webkit-backdrop-filter: blur(20px);\r\n
            border-right: 1px solid var(--glass-border);\r\n
            z-index: 50;\r\n
            display: flex; flex-direction: column;\r\n
            transition: all 0.4s cubic-bezier(0.4, 0, 0.2, 1);\r\n
        }\r\n
\r\n
        .sidebar-item {\r\n
            @apply flex items-center gap-4 px-6 py-3.5 mx-3 rounded-[12px] text-text-secondary transition-all duration-300;\r\n
        }\r\n
        .sidebar-item:hover {\r\n
            background: rgba(255, 255, 255, 0.05);\r\n
            color: white;\r\n
            transform: translateX(5px);\r\n
        }\r\n
        .sidebar-item.active {\r\n
            background: var(--accent-primary);\r\n
            color: white;\r\n
            box-shadow: 0 4px 15px rgba(0, 212, 255, 0.2);\r\n
        }\r\n
        .sidebar-item i { font-size: 1.25rem; }\r\n
\r\n
        /* ΓòÉΓòÉΓòÉ MAIN SHELL ΓòÉΓòÉΓòÉ */\r\n
        .app-main {\r\n
            margin-left: var(--sidebar-w);\r\n
            min-height: 100vh;\r\n
            padding: 2.5rem;\r\n
            position: relative;\r\n
        }\r\n
\r\n
        /* ΓòÉΓòÉΓòÉ TOP NAVBAR ΓòÉΓòÉΓòÉ */\r\n
        .top-nav {\r\n
            @apply flex justify-between items-center mb-10;\r\n
        }\r\n
\r\n
        .user-pill {\r\n
            @apply flex items-center gap-3 glass-morphism px-4 py-2;\r\n
        }\r\n
\r\n
        .avatar-glow {\r\n
            @apply w-10 h-10 rounded-full flex items-center justify-center font-bold text-white;\r\n
            background: var(--accent-primary);\r\n
            box-shadow: 0 0 10px rgba(0, 212, 255, 0.4);\r\n
        }\r\n
\r\n
        @media (max-width: 1024px) {\r\n
            .sidebar-2026 { transform: translateX(-100%); }\r\n
            .app-main { margin-left: 0; padding: 1.5rem; }\r\n
        }\r\n
    </style>\r\n
</head>\r\n
<body class="antialiased">\r\n
    <div class="bg-neural-glow"></div>\r\n
    <div class="neural-canvas" id="neural-flux"></div>\r\n
\r\n
    <div class="flex">\r\n
        <!-- Sidebar -->\r\n
        <aside class="sidebar-2026">\r\n
            <div class="p-8 flex items-center gap-3 mb-6">\r\n
                <div class="w-10 h-10 bg-white p-1 rounded-[10px] shadow-lg shadow-cyan-500/20">\r\n
                    <img src="http://localhost/im1.jpg" alt="CapAvenir" class="w-full h-full object-cover rounded-[8px]">\r\n
                </div>\r\n
                <span class="text-xl font-bold tracking-tight text-white">CapAvenir</span>\r\n
            </div>\r\n
\r\n
            <nav class="flex-1 px-2 space-y-2">\r\n
                <a href="http://localhost/student" class="sidebar-item active">\r\n
                    <span>≡ƒôè</span> Dashboard\r\n
                </a>\r\n
                <a href="#" class="sidebar-item">\r\n
                    <span>≡ƒºá</span> Recommandations\r\n
                </a>\r\n
                <a href="#" class="sidebar-item">\r\n
                    <span>≡ƒÄ»</span> Tests d'Orientation\r\n
                </a>\r\n
                <a href="#" class="sidebar-item">\r\n
                    <span>≡ƒôà</span> Calendrier\r\n
                </a>\r\n
                <div class="pt-6 pb-2 px-6 text-[10px] uppercase tracking-widest text-[#4A5E7A] font-bold">Compte</div>\r\n
                <a href="http://localhost/profile" class="sidebar-item">\r\n
                    <span>≡ƒæñ</span> Mon Profil\r\n
                </a>\r\n
                <form method="POST" action="http://localhost/logout">\r\n
                    <input type="hidden" name="_token" value="o7rnjM2zdjN1ij3j092s3Ft5Pmzp2RXufGsfPcVW" autocomplete="off">                    <button type="submit" class="sidebar-item w-full text-left text-red-400">\r\n
                        <span>≡ƒÜ¬</span> D├⌐connexion\r\n
                    </button>\r\n
                </form>\r\n
            </nav>\r\n
\r\n
            <div class="p-6">\r\n
                <div class="glass-card p-4 space-y-3">\r\n
                    <div class="flex justify-between items-center">\r\n
                        <span class="text-xs text-text-muted">Compatibilit├⌐</span>\r\n
                        <span class="text-xs font-bold text-neon-cyan">85%</span>\r\n
                    </div>\r\n
                    <div class="neural-progress">\r\n
                        <div class="neural-progress-fill" style="width: 85%"></div>\r\n
                    </div>\r\n
                </div>\r\n
            </div>\r\n
        </aside>\r\n
\r\n
        <!-- Main Content -->\r\n
        <main class="app-main w-full">\r\n
            <header class="top-nav">\r\n
                <div>\r\n
                    <h1 class="text-3xl font-extrabold text-white">Tableau de Bord</h1>\r\n
                    <p class="text-text-secondary mt-1">G├⌐n├⌐ration 2026 ΓÇö Votre futur commence ici.</p>\r\n
                </div>\r\n
                <div class="flex items-center gap-4">\r\n
                    <button class="glass-morphism w-11 h-11 flex items-center justify-center text-xl">≡ƒöö</button>\r\n
                    <div class="user-pill">\r\n
                        <div class="avatar-glow">S</div>\r\n
                        <div class="hidden md:block">\r\n
                            <p class="text-sm font-bold">Student</p>\r\n
                            <p class="text-[10px] text-text-muted">Niveau 4 ΓÇó ├ëtudiant</p>\r\n
                        </div>\r\n
                    </div>\r\n
                </div>\r\n
            </header>\r\n
\r\n
            <div class="space-y-10">\r\n
    <!-- ΓòÉΓòÉΓòÉ TOP BENTO GRID ΓòÉΓòÉΓòÉ -->\r\n
    <div class="grid grid-cols-1 lg:grid-cols-4 gap-6">\r\n
        <!-- Hero Card -->\r\n
        <div class="lg:col-span-2 glass-card border-none bg-gradient-to-br from-[#00D4FF]/10 to-[#4C1D95]/10 flex flex-col justify-between relative overflow-hidden group">\r\n
            <div class="absolute top-[-20%] right-[-10%] w-64 h-64 bg-cyan-500/10 rounded-full blur-3xl group-hover:bg-cyan-500/20 transition-all duration-700"></div>\r\n
            \r\n
            <div>\r\n
                <span class="inline-flex items-center px-3 py-1 rounded-full bg-cyan-500/10 border border-cyan-500/20 text-[10px] font-bold text-cyan-400 uppercase tracking-widest mb-4">\r\n
                    Γ£¿ IA d'Orientation active\r\n
                </span>\r\n
                <h2 class="text-4xl font-extrabold leading-tight">\r\n
                    Salut, <span class="bg-gradient-to-r from-[#00D4FF] to-[#0099FF] bg-clip-text text-transparent">Student</span> !\r\n
                </h2>\r\n
                <p class="text-text-secondary mt-3 max-w-md">\r\n
                    Ton profil est compl├⌐t├⌐ ├á 85%. D'apr├¿s tes derniers tests, tu as une forte affinit├⌐ pour les **M├⌐tiers de l'Architecture IA**.\r\n
                </p>\r\n
            </div>\r\n
            \r\n
            <div class="mt-8">\r\n
                <button class="btn-futuristic group/btn">\r\n
                    Continuer mon test \r\n
                    <span class="group-hover/btn:translate-x-1 transition-transform">ΓåÆ</span>\r\n
                </button>\r\n
            </div>\r\n
        </div>\r\n
\r\n
        <!-- Compatibility Circle -->\r\n
        <div class="glass-card flex flex-col items-center justify-center text-center space-y-4">\r\n
            <h3 class="text-text-muted text-xs font-bold uppercase tracking-widest">Score de Vitalit├⌐</h3>\r\n
            <div class="relative w-32 h-32 flex items-center justify-center">\r\n
                <svg class="w-full h-full transform -rotate-90">\r\n
                    <circle cx="64" cy="64" r="58" stroke="currentColor" stroke-width="8" fill="transparent" class="text-white/5" />\r\n
                    <circle cx="64" cy="64" r="58" stroke="currentColor" stroke-width="8" fill="transparent" stroke-dasharray="364.4" stroke-dashoffset="54.6" class="text-neon-cyan drop-shadow-[0_0_8px_rgba(0,212,255,0.5)]" />\r\n
                </svg>\r\n
                <div class="absolute inset-0 flex flex-col items-center justify-center">\r\n
                    <span class="text-3xl font-black italic">85</span>\r\n
                    <span class="text-[10px] text-text-muted">Compatibilit├⌐</span>\r\n
                </div>\r\n
            </div>\r\n
            <p class="text-xs text-text-secondary font-medium">Excellente progression !</p>\r\n
        </div>\r\n
\r\n
        <!-- Skills Radar -->\r\n
        <div class="glass-card flex flex-col">\r\n
            <h3 class="text-text-muted text-xs font-bold uppercase tracking-widest mb-4">Profil Neural</h3>\r\n
            <div class="flex-1 min-h-[150px]">\r\n
                <canvas id="skillsRadar"></canvas>\r\n
            </div>\r\n
        </div>\r\n
    </div>\r\n
\r\n
    <!-- ΓòÉΓòÉΓòÉ METIERS RECOMMENDATIONS ΓòÉΓòÉΓòÉ -->\r\n
    <div>\r\n
        <div class="flex justify-between items-end mb-6">\r\n
            <h2 class="text-2xl font-black">Recommandations <span class="text-neon-cyan">IA</span></h2>\r\n
            <a href="#" class="text-xs font-bold text-text-muted hover:text-white transition-colors">Voir tout le mindmap ΓåÆ</a>\r\n
        </div>\r\n
        \r\n
        <div class="grid grid-cols-1 md:grid-cols-2 lg:grid-cols-3 gap-6">\r\n
            <!-- Career Card 1 -->\r\n
            <div class="glass-card group hover:border-[#FFCC00]/50 transition-all">\r\n
                <div class="flex justify-between items-start mb-4">\r\n
                    <div class="p-3 glass-morphism text-2xl">≡ƒÄô</div>\r\n
                    <span class="text-[10px] font-black text-neon-cyan bg-neon-cyan/10 px-2 py-1 rounded-md">95% MATCH</span>\r\n
                </div>\r\n
                <h4 class="text-lg font-bold mb-2">Ing├⌐nieur Prompt</h4>\r\n
                <p class="text-sm text-text-secondary line-clamp-2">Ma├«trisez l'art de dialoguer avec les grands mod├¿les de langage pour r├⌐soudre des probl├¿mes complexes.</p>\r\n
                <div class="mt-6 flex items-center justify-between">\r\n
                    <span class="text-[10px] font-bold text-[#FFCC00]">Demande critique ΓÜí</span>\r\n
                    <button class="w-8 h-8 rounded-full glass-morphism flex items-center justify-center group-hover:bg-[#FFCC00] group-hover:text-black transition-all">Γ₧£</button>\r\n
                </div>\r\n
            </div>\r\n
\r\n
            <!-- Career Card 2 -->\r\n
            <div class="glass-card group hover:border-[#FFCC00]/50 transition-all">\r\n
                <div class="flex justify-between items-start mb-4">\r\n
                    <div class="p-3 glass-morphism text-2xl">≡ƒº¼</div>\r\n
                    <span class="text-[10px] font-black text-neon-cyan bg-neon-cyan/10 px-2 py-1 rounded-md">88% MATCH</span>\r\n
                </div>\r\n
                <h4 class="text-lg font-bold mb-2">Bio-Informaticien</h4>\r\n
                <p class="text-sm text-text-secondary line-clamp-2">Appliquez l'IA ├á la recherche g├⌐nomique pour cr├⌐er les m├⌐dicaments de demain.</p>\r\n
                <div class="mt-6 flex items-center justify-between">\r\n
                    <span class="text-[10px] font-bold text-neon-blue">Avenir Radieux Γ£¿</span>\r\n
                    <button class="w-8 h-8 rounded-full glass-morphism flex items-center justify-center group-hover:bg-[#FFCC00] group-hover:text-black transition-all">Γ₧£</button>\r\n
                </div>\r\n
            </div>\r\n
\r\n
            <!-- Career Card 3 -->\r\n
            <div class="glass-card group hover:border-[#FFCC00]/50 transition-all">\r\n
                <div class="flex justify-between items-start mb-4">\r\n
                    <div class="p-3 glass-morphism text-2xl">≡ƒîì</div>\r\n
                    <span class="text-[10px] font-black text-neon-cyan bg-neon-cyan/10 px-2 py-1 rounded-md">82% MATCH</span>\r\n
                </div>\r\n
                <h4 class="text-lg font-bold mb-2">Architecte Green-IT</h4>\r\n
                <p class="text-sm text-text-secondary line-clamp-2">Concevez des infrastructures num├⌐riques ├á faible impact carbone.</p>\r\n
                <div class="mt-6 flex items-center justify-between">\r\n
                    <span class="text-[10px] font-bold text-neon-cyan">Impact Social ≡ƒÆÜ</span>\r\n
                    <button class="w-8 h-8 rounded-full glass-morphism flex items-center justify-center group-hover:bg-[#FFCC00] group-hover:text-black transition-all">Γ₧£</button>\r\n
                </div>\r\n
            </div>\r\n
        </div>\r\n
    </div>\r\n
\r\n
    <!-- ΓòÉΓòÉΓòÉ HISTORIQUE & CALENDRIER ΓòÉΓòÉΓòÉ -->\r\n
    <div class="grid grid-cols-1 lg:grid-cols-3 gap-6">\r\n
        <div class="lg:col-span-2 glass-card">\r\n
            <h3 class="text-lg font-bold mb-6 flex items-center gap-3">\r\n
                <span>≡ƒôê</span> Historique des tests\r\n
            </h3>\r\n
            <div class="space-y-4">\r\n
                <div class="flex items-center justify-between p-4 rounded-xl bg-white/5 border border-white/5 hover:border-white/10 transition-all">\r\n
                    <div class="flex items-center gap-4">\r\n
                        <div class="w-10 h-10 glass-morphism flex items-center justify-center text-sm">≡ƒºá</div>\r\n
                        <div>\r\n
                            <p class="font-bold text-sm">Test Cognitif Global</p>\r\n
                            <p class="text-xs text-text-muted">Compl├⌐t├⌐ le 12 F├⌐vrier 2026</p>\r\n
                        </div>\r\n
                    </div>\r\n
                    <span class="text-xs font-bold text-neon-cyan">S - 92%</span>\r\n
                </div>\r\n
                <div class="flex items-center justify-between p-4 rounded-xl bg-white/5 border border-white/5 hover:border-white/10 transition-all">\r\n
                    <div class="flex items-center gap-4">\r\n
                        <div class="w-10 h-10 glass-morphism flex items-center justify-center text-sm">≡ƒÄ»</div>\r\n
                        <div>\r\n
                            <p class="font-bold text-sm">Int├⌐r├¬ts Professionnels</p>\r\n
                            <p class="text-xs text-text-muted">Compl├⌐t├⌐ le 10 F├⌐vrier 2026</p>\r\n
                        </div>\r\n
                    </div>\r\n
                    <span class="text-xs font-bold text-neon-blue">A - 78%</span>\r\n
                </div>\r\n
            </div>\r\n
        </div>\r\n
\r\n
        <div class="glass-card">\r\n
            <h3 class="text-lg font-bold mb-6 flex items-center gap-3">\r\n
                <span>≡ƒôà</span> ├ëv├⌐nements\r\n
            </h3>\r\n
            <div class="space-y-6">\r\n
                <div class="relative pl-6 border-l-2 border-neon-cyan/30">\r\n
                    <div class="absolute left-[-5px] top-0 w-2 h-2 rounded-full bg-neon-cyan shadow-[0_0_8px_var(--neon-cyan)]"></div>\r\n
                    <p class="text-xs font-bold text-neon-cyan">DEMAIN ΓÇó 14:00</p>\r\n
                    <p class="text-sm font-bold">Salon de l'Orientation Virtuel</p>\r\n
                    <p class="text-xs text-text-muted mt-1">Lien Metaverse disponible</p>\r\n
                </div>\r\n
                <div class="relative pl-6 border-l-2 border-white/10">\r\n
                    <div class="absolute left-[-5px] top-0 w-2 h-2 rounded-full bg-white/20"></div>\r\n
                    <p class="text-xs font-bold text-text-muted">15 F├ëV ΓÇó 10:30</p>\r\n
                    <p class="text-sm font-bold">Session avec Conseiller</p>\r\n
                    <p class="text-xs text-text-muted mt-1">M. Jean Dupont</p>\r\n
                </div>\r\n
            </div>\r\n
        </div>\r\n
    </div>\r\n
</div>\r\n
\r\n
<script>\r\n
    document.addEventListener('DOMContentLoaded', function() {\r\n
        const ctx = document.getElementById('skillsRadar').getContext('2d');\r\n
        new Chart(ctx, {\r\n
            type: 'radar',\r\n
            data: {\r\n
                labels: ['Logique', 'Cr├⌐ativit├⌐', 'Social', 'Technique', 'Gestion'],\r\n
                datasets: [{\r\n
                    data: [85, 75, 45, 90, 60],\r\n
                    backgroundColor: 'rgba(0, 212, 255, 0.2)',\r\n
                    borderColor: '#00D4FF',\r\n
                    borderWidth: 2,\r\n
                    pointBackgroundColor: '#FFCC00',\r\n
                    pointBorderColor: '#fff',\r\n
                    pointHoverBackgroundColor: '#fff',\r\n
                    pointHoverBorderColor: '#00D4FF'\r\n
                }]\r\n
            },\r\n
            options: {\r\n
                scales: {\r\n
                    r: {\r\n
                        angleLines: { color: 'rgba(255, 255, 255, 0.1)' },\r\n
                        grid: { color: 'rgba(255, 255, 255, 0.05)' },\r\n
                        pointLabels: { color: '#4A5E7A', font: { size: 9, weight: '700' } },\r\n
                        ticks: { display: false },\r\n
                        suggestedMin: 0,\r\n
                        suggestedMax: 100\r\n
                    }\r\n
                },\r\n
                plugins: { legend: { display: false } },\r\n
                maintainAspectRatio: false\r\n
            }\r\n
        });\r\n
    });\r\n
</script>\r\n
        </main>\r\n
    </div>\r\n
\r\n
    <!-- Neural Flux Background Decoration -->\r\n
    <script>\r\n
        const canvas = document.createElement('canvas');\r\n
        canvas.className = 'neural-canvas';\r\n
        document.body.appendChild(canvas);\r\n
        const ctx = canvas.getContext('2d');\r\n
        let particles = [];\r\n
\r\n
        function resize() {\r\n
            canvas.width = window.innerWidth;\r\n
            canvas.height = window.innerHeight;\r\n
        }\r\n
        resize();\r\n
        window.addEventListener('resize', resize);\r\n
\r\n
        class Particle {\r\n
            constructor() {\r\n
                this.x = Math.random() * canvas.width;\r\n
                this.y = Math.random() * canvas.height;\r\n
                this.size = Math.random() * 2 + 1;\r\n
                this.speedX = Math.random() * 0.5 - 0.25;\r\n
                this.speedY = Math.random() * 0.5 - 0.25;\r\n
            }\r\n
            update() {\r\n
                this.x += this.speedX;\r\n
                this.y += this.speedY;\r\n
                if (this.x > canvas.width) this.x = 0;\r\n
                if (this.x < 0) this.x = canvas.width;\r\n
                if (this.y > canvas.height) this.y = 0;\r\n
                if (this.y < 0) this.y = canvas.height;\r\n
            }\r\n
            draw() {\r\n
                ctx.fillStyle = 'rgba(0, 212, 255, 0.3)';\r\n
                ctx.beginPath();\r\n
                ctx.arc(this.x, this.y, this.size, 0, Math.PI * 2);\r\n
                ctx.fill();\r\n
            }\r\n
        }\r\n
\r\n
        for (let i = 0; i < 50; i++) {\r\n
            particles.push(new Particle());\r\n
        }\r\n
\r\n
        function animate() {\r\n
            ctx.clearRect(0, 0, canvas.width, canvas.height);\r\n
            particles.forEach(p => {\r\n
                p.update();\r\n
                p.draw();\r\n
            });\r\n
            requestAnimationFrame(animate);\r\n
        }\r\n
        animate();\r\n
    </script>\r\n
</body>\r\n
</html>\r\n
' [UTF-8](length: 20222) contains "Bienvenue, Student User" [ASCII](length: 23).

  at tests\Feature\RegisterWithRoleTest.php:66
     62Γûò 
     63Γûò         // The student should see a personalized welcome message on the student dashboard
     64Γûò         $this->actingAs($user)
     65Γûò             ->get(route('student.dashboard'))
  Γ₧£  66Γûò             ->assertSee('Bienvenue, Student User', false)
     67Γûò             ->assertSee($user->name);
     68Γûò     }
     69Γûò }
     70Γûò


  Tests:    15 failed, 15 passed (50 assertions)
  Duration: 3.53s

