
   PASS  Tests\Unit\ExampleTest
  Γ£ô that trueΓÇª 0.01s  

   FAIL  Tests\Feature\AdminSeesNewRegisteredUserTest
  Γ¿» admin seeΓÇª 1.00s  

   FAIL  Tests\Feature\AdminUserPromotionTest
  Γ¿» admin canΓÇª 0.32s  
  Γ¿» non adminΓÇª 0.27s  
  ΓöÇΓöÇΓöÇΓöÇΓöÇΓöÇΓöÇΓöÇΓöÇΓöÇΓöÇΓöÇΓöÇΓöÇΓöÇΓöÇΓöÇΓöÇ  
   FAILED  Tests\Feature\AdminSeesNewRegisteredUserTest > admin sees new user after registration  RouteNotFoundException   
  Route [admin.users.index] not defined.

  at vendor\laravel\framework\src\Illuminate\Routing\UrlGenerator.php:477
    473Γûò             ! is_null($url = call_user_func($this->missingNamedRouteResolver, $name, $parameters, $absolute))) {
    474Γûò             return $url;
    475Γûò         }
    476Γûò 
  Γ₧£ 477Γûò         throw new RouteNotFoundException("Route [{$name}] not defined.");
    478Γûò     }
    479Γûò 
    480Γûò     /**
    481Γûò      * Get the URL for a given route instance.

  1   vendor\laravel\framework\src\Illuminate\Routing\UrlGenerator.php:477
  2   vendor\laravel\framework\src\Illuminate\Foundation\helpers.php:811

  ΓöÇΓöÇΓöÇΓöÇΓöÇΓöÇΓöÇΓöÇΓöÇΓöÇΓöÇΓöÇΓöÇΓöÇΓöÇΓöÇΓöÇΓöÇ  
   FAILED  Tests\Feature\AdminUserPromotionTest > admin can promote and demote users  RouteNotFoundException   
  Route [admin.users.index] not defined.

  at vendor\laravel\framework\src\Illuminate\Routing\UrlGenerator.php:477
    473Γûò             ! is_null($url = call_user_func($this->missingNamedRouteResolver, $name, $parameters, $absolute))) {
    474Γûò             return $url;
    475Γûò         }
    476Γûò 
  Γ₧£ 477Γûò         throw new RouteNotFoundException("Route [{$name}] not defined.");
    478Γûò     }
    479Γûò 
    480Γûò     /**
    481Γûò      * Get the URL for a given route instance.

  1   vendor\laravel\framework\src\Illuminate\Routing\UrlGenerator.php:477
  2   vendor\laravel\framework\src\Illuminate\Foundation\helpers.php:811

  ΓöÇΓöÇΓöÇΓöÇΓöÇΓöÇΓöÇΓöÇΓöÇΓöÇΓöÇΓöÇΓöÇΓöÇΓöÇΓöÇΓöÇΓöÇ  
   FAILED  Tests\FΓÇª   
  Expected response status code [403] but received 405.
Failed asserting that 405 is identical to 403.

  at tests\Feature\AdminUserPromotionTest.php:46
     42Γûò         $other = User::factory()->create();
     43Γûò 
     44Γûò         $this->actingAs($user)
     45Γûò             ->post(route('admin.users.promote', $other))
  Γ₧£  46Γûò             ->assertStatus(403);
     47Γûò     }
     48Γûò }
     49Γûò


  Tests:    3 failed, 1 passed, [2m26 pending[22m (2 assertions)
  Duration: 1.95s

